
> padroom@0.1.0 test:e2e
> playwright test --reporter=list,json


Running 24 tests using 1 worker

(node:89099) Warning: The 'NO_COLOR' env is ignored due to the 'FORCE_COLOR' env being set.
(Use `node --trace-warnings ...` to show where the warning was created)
  ✓   1 [desktop] › tests/e2e/management.spec.ts:173:1 › seller photo/edit lifecycle and report moderation (28.5s)
  ✓   2 [desktop] › tests/e2e/management.spec.ts:396:1 › real trade decline, cancellation, reservations and completed handover (25.1s)
  ✓   3 [desktop] › tests/e2e/marketplace.spec.ts:5:1 › real seller → moderation → buyer workflow (34.6s)
  ✓   4 [desktop] › tests/e2e/public.spec.ts:2:1 › approved homepage, responsive navigation and brand font (1.4s)
  ✓   5 [desktop] › tests/e2e/public.spec.ts:35:1 › private routes require real authentication (1.9s)
  ✓   6 [desktop] › tests/e2e/public.spec.ts:41:1 › pilot copy and no simulated checkout (596ms)
  ✓   7 [desktop] › tests/e2e/public.spec.ts:50:1 › cross-origin mutations are rejected (19ms)
  ✓   8 [desktop] › tests/e2e/public.spec.ts:58:1 › oversized command bodies return 413 before authentication (26ms)
  ✓   9 [desktop] › tests/e2e/public.spec.ts:72:1 › failed auth requests show an error and keep the form usable (934ms)
  ✓  10 [desktop] › tests/e2e/public.spec.ts:117:1 › drawer filters, search and sorting preserve the selected inventory query (2.3s)
  ✓  11 [desktop] › tests/e2e/public.spec.ts:157:1 › the catalogue and account shell fit every required viewport (2.6s)
  ✓  12 [desktop] › tests/e2e/public.spec.ts:187:1 › approved shell hierarchy, four mobile destinations and accessible filter sheet (855ms)
(node:96959) Warning: The 'NO_COLOR' env is ignored due to the 'FORCE_COLOR' env being set.
(Use `node --trace-warnings ...` to show where the warning was created)
  ✓  13 [mobile] › tests/e2e/management.spec.ts:173:1 › seller photo/edit lifecycle and report moderation (28.5s)
  ✓  14 [mobile] › tests/e2e/management.spec.ts:396:1 › real trade decline, cancellation, reservations and completed handover (24.1s)
  ✓  15 [mobile] › tests/e2e/marketplace.spec.ts:5:1 › real seller → moderation → buyer workflow (33.0s)
  ✓  16 [mobile] › tests/e2e/public.spec.ts:2:1 › approved homepage, responsive navigation and brand font (1.4s)
  ✓  17 [mobile] › tests/e2e/public.spec.ts:35:1 › private routes require real authentication (1.8s)
  ✓  18 [mobile] › tests/e2e/public.spec.ts:41:1 › pilot copy and no simulated checkout (594ms)
  ✓  19 [mobile] › tests/e2e/public.spec.ts:50:1 › cross-origin mutations are rejected (24ms)
  ✓  20 [mobile] › tests/e2e/public.spec.ts:58:1 › oversized command bodies return 413 before authentication (25ms)
  ✓  21 [mobile] › tests/e2e/public.spec.ts:72:1 › failed auth requests show an error and keep the form usable (907ms)
  ✓  22 [mobile] › tests/e2e/public.spec.ts:117:1 › drawer filters, search and sorting preserve the selected inventory query (2.2s)
  ✓  23 [mobile] › tests/e2e/public.spec.ts:157:1 › the catalogue and account shell fit every required viewport (2.7s)
  ✓  24 [mobile] › tests/e2e/public.spec.ts:187:1 › approved shell hierarchy, four mobile destinations and accessible filter sheet (1.1s)

  24 passed (3.3m)
