
> padroom@0.1.0 test:e2e
> playwright test --reporter=list,json


Running 24 tests using 1 worker

(node:75065) Warning: The 'NO_COLOR' env is ignored due to the 'FORCE_COLOR' env being set.
(Use `node --trace-warnings ...` to show where the warning was created)
  ✘   1 [desktop] › tests/e2e/management.spec.ts:173:1 › seller photo/edit lifecycle and report moderation (11.1s)
(node:75961) Warning: The 'NO_COLOR' env is ignored due to the 'FORCE_COLOR' env being set.
(Use `node --trace-warnings ...` to show where the warning was created)
  ✓   2 [desktop] › tests/e2e/management.spec.ts:394:1 › real trade decline, cancellation, reservations and completed handover (23.9s)
  ✓   3 [desktop] › tests/e2e/marketplace.spec.ts:5:1 › real seller → moderation → buyer workflow (33.5s)
  ✓   4 [desktop] › tests/e2e/public.spec.ts:2:1 › approved homepage, responsive navigation and brand font (1.3s)
  ✓   5 [desktop] › tests/e2e/public.spec.ts:35:1 › private routes require real authentication (1.8s)
  ✓   6 [desktop] › tests/e2e/public.spec.ts:41:1 › pilot copy and no simulated checkout (674ms)
  ✓   7 [desktop] › tests/e2e/public.spec.ts:50:1 › cross-origin mutations are rejected (18ms)
  ✓   8 [desktop] › tests/e2e/public.spec.ts:58:1 › oversized command bodies return 413 before authentication (30ms)
  ✓   9 [desktop] › tests/e2e/public.spec.ts:72:1 › failed auth requests show an error and keep the form usable (956ms)
  ✓  10 [desktop] › tests/e2e/public.spec.ts:117:1 › drawer filters, search and sorting preserve the selected inventory query (2.7s)
  ✓  11 [desktop] › tests/e2e/public.spec.ts:157:1 › the catalogue and account shell fit every required viewport (2.7s)
  ✓  12 [desktop] › tests/e2e/public.spec.ts:187:1 › approved shell hierarchy, four mobile destinations and accessible filter sheet (864ms)
(node:81374) Warning: The 'NO_COLOR' env is ignored due to the 'FORCE_COLOR' env being set.
(Use `node --trace-warnings ...` to show where the warning was created)
  ✘  13 [mobile] › tests/e2e/management.spec.ts:173:1 › seller photo/edit lifecycle and report moderation (11.5s)
(node:82329) Warning: The 'NO_COLOR' env is ignored due to the 'FORCE_COLOR' env being set.
(Use `node --trace-warnings ...` to show where the warning was created)
  ✓  14 [mobile] › tests/e2e/management.spec.ts:394:1 › real trade decline, cancellation, reservations and completed handover (25.3s)
  ✓  15 [mobile] › tests/e2e/marketplace.spec.ts:5:1 › real seller → moderation → buyer workflow (32.6s)
  ✓  16 [mobile] › tests/e2e/public.spec.ts:2:1 › approved homepage, responsive navigation and brand font (1.4s)
  ✓  17 [mobile] › tests/e2e/public.spec.ts:35:1 › private routes require real authentication (1.9s)
  ✓  18 [mobile] › tests/e2e/public.spec.ts:41:1 › pilot copy and no simulated checkout (642ms)
  ✓  19 [mobile] › tests/e2e/public.spec.ts:50:1 › cross-origin mutations are rejected (21ms)
  ✓  20 [mobile] › tests/e2e/public.spec.ts:58:1 › oversized command bodies return 413 before authentication (34ms)
  ✓  21 [mobile] › tests/e2e/public.spec.ts:72:1 › failed auth requests show an error and keep the form usable (926ms)
  ✓  22 [mobile] › tests/e2e/public.spec.ts:117:1 › drawer filters, search and sorting preserve the selected inventory query (2.0s)
  ✓  23 [mobile] › tests/e2e/public.spec.ts:157:1 › the catalogue and account shell fit every required viewport (2.8s)
  ✘  24 [mobile] › tests/e2e/public.spec.ts:187:1 › approved shell hierarchy, four mobile destinations and accessible filter sheet (6.1s)


  1) [desktop] › tests/e2e/management.spec.ts:173:1 › seller photo/edit lifecycle and report moderation

    TypeError: Cannot read properties of null (reading 'length')

      250 |   await upload(seller, 4_000_000);
      251 |   const actualBody = (await acceptedRequest).postDataBuffer()!;
    > 252 |   expect(actualBody.length).toBeGreaterThan(4_000_000);
          |                     ^
      253 |   expect(actualBody.length).toBeLessThanOrEqual(4_250_000);
      254 |   expect(actualBody.length).toBeLessThan(4_500_000);
      255 |   await seller
        at /workspace/padroom/tests/e2e/management.spec.ts:252:21

    Error Context: test-results/management-seller-photo-edit-lifecycle-and-report-moderation-desktop/error-context.md

    attachment #2: trace (application/zip) ─────────────────────────────────────────────────────────
    test-results/management-seller-photo-edit-lifecycle-and-report-moderation-desktop/trace.zip
    Usage:

        npx playwright show-trace test-results/management-seller-photo-edit-lifecycle-and-report-moderation-desktop/trace.zip

    ────────────────────────────────────────────────────────────────────────────────────────────────

  2) [mobile] › tests/e2e/management.spec.ts:173:1 › seller photo/edit lifecycle and report moderation

    TypeError: Cannot read properties of null (reading 'length')

      250 |   await upload(seller, 4_000_000);
      251 |   const actualBody = (await acceptedRequest).postDataBuffer()!;
    > 252 |   expect(actualBody.length).toBeGreaterThan(4_000_000);
          |                     ^
      253 |   expect(actualBody.length).toBeLessThanOrEqual(4_250_000);
      254 |   expect(actualBody.length).toBeLessThan(4_500_000);
      255 |   await seller
        at /workspace/padroom/tests/e2e/management.spec.ts:252:21

    Error Context: test-results/management-seller-photo-edit-lifecycle-and-report-moderation-mobile/error-context.md

    attachment #2: trace (application/zip) ─────────────────────────────────────────────────────────
    test-results/management-seller-photo-edit-lifecycle-and-report-moderation-mobile/trace.zip
    Usage:

        npx playwright show-trace test-results/management-seller-photo-edit-lifecycle-and-report-moderation-mobile/trace.zip

    ────────────────────────────────────────────────────────────────────────────────────────────────

  3) [mobile] › tests/e2e/public.spec.ts:187:1 › approved shell hierarchy, four mobile destinations and accessible filter sheet

    Error: expect(locator).toBeVisible() failed

    Locator: getByRole('dialog', { name: 'Filters' })
    Expected: visible
    Timeout: 5000ms
    Error: element(s) not found

    Call log:
      - Expect "toBeVisible" getByRole('dialog', { name: 'Filters' }) with timeout 5000ms
      - waiting for getByRole('dialog', { name: 'Filters' })


      259 |   await trigger.click();
      260 |   const sheet = page.getByRole("dialog", { name: "Filters" });
    > 261 |   await expect(sheet).toBeVisible();
          |                       ^
      262 |   await expect(
      263 |     page
      264 |       .getByLabel("Category", { exact: true })
        at /workspace/padroom/tests/e2e/public.spec.ts:261:23

    Error Context: test-results/public-approved-shell-hier-9a1a7-and-accessible-filter-sheet-mobile/error-context.md

    attachment #2: trace (application/zip) ─────────────────────────────────────────────────────────
    test-results/public-approved-shell-hier-9a1a7-and-accessible-filter-sheet-mobile/trace.zip
    Usage:

        npx playwright show-trace test-results/public-approved-shell-hier-9a1a7-and-accessible-filter-sheet-mobile/trace.zip

    ────────────────────────────────────────────────────────────────────────────────────────────────

  3 failed
    [desktop] › tests/e2e/management.spec.ts:173:1 › seller photo/edit lifecycle and report moderation
    [mobile] › tests/e2e/management.spec.ts:173:1 › seller photo/edit lifecycle and report moderation
    [mobile] › tests/e2e/public.spec.ts:187:1 › approved shell hierarchy, four mobile destinations and accessible filter sheet
  21 passed (2.9m)
