
> padroom@0.1.0 test:e2e
> playwright test tests/e2e/public.spec.ts --project=desktop --grep oversized command bodies --reporter=list


Running 1 test using 1 worker

(node:71587) Warning: The 'NO_COLOR' env is ignored due to the 'FORCE_COLOR' env being set.
(Use `node --trace-warnings ...` to show where the warning was created)
  ✘  1 [desktop] › tests/e2e/public.spec.ts:58:1 › oversized command bodies return 413 before authentication (96ms)


  1) [desktop] › tests/e2e/public.spec.ts:58:1 › oversized command bodies return 413 before authentication

    Error: expect(received).toBe(expected) // Object.is equality

    Expected: 413
    Received: 400

      66 |     data: Buffer.alloc(4_250_001),
      67 |   });
    > 68 |   expect(response.status()).toBe(413);
         |                             ^
      69 |   expect((await response.json()).error).toContain("maximum 4 MB");
      70 | });
      71 |
        at /workspace/padroom/tests/e2e/public.spec.ts:68:29

    Error Context: test-results/public-oversized-command-b-cb217-n-413-before-authentication-desktop/error-context.md

    attachment #2: trace (application/zip) ─────────────────────────────────────────────────────────
    test-results/public-oversized-command-b-cb217-n-413-before-authentication-desktop/trace.zip
    Usage:

        npx playwright show-trace test-results/public-oversized-command-b-cb217-n-413-before-authentication-desktop/trace.zip

    ────────────────────────────────────────────────────────────────────────────────────────────────

  1 failed
    [desktop] › tests/e2e/public.spec.ts:58:1 › oversized command bodies return 413 before authentication
