
> padroom@0.1.0 test:e2e
> playwright test tests/e2e/marketplace.spec.ts --project=desktop --reporter=list


Running 1 test using 1 worker

(node:24595) Warning: The 'NO_COLOR' env is ignored due to the 'FORCE_COLOR' env being set.
(Use `node --trace-warnings ...` to show where the warning was created)
  ✘  1 [desktop] › tests/e2e/marketplace.spec.ts:5:1 › real seller → moderation → buyer workflow (8.8s)


  1) [desktop] › tests/e2e/marketplace.spec.ts:5:1 › real seller → moderation → buyer workflow ─────

    Error: expect(received).toBeCloseTo(expected, precision)

    Expected: 168
    Received: 1600

    Expected precision:    0
    Expected difference: < 0.5
    Received difference:   1432

      127 |     await expect(seller.getByRole("img")).toBeVisible();
      128 |     const thumbnail = await seller.locator(".photos-edit img").boundingBox();
    > 129 |     expect(thumbnail!.height).toBeCloseTo(thumbnail!.width, 0);
          |                               ^
      130 |     await capture(seller, "02-listing-photo");
      131 |     await seller.getByRole("button", { name: "Submit for review" }).click();
      132 |     await expect(seller).toHaveURL(/\/my-listings$/);
        at /workspace/padroom/tests/e2e/marketplace.spec.ts:129:31

    Error Context: test-results/marketplace-real-seller-→-moderation-→-buyer-workflow-desktop/error-context.md

    attachment #2: trace (application/zip) ─────────────────────────────────────────────────────────
    test-results/marketplace-real-seller-→-moderation-→-buyer-workflow-desktop/trace.zip
    Usage:

        npx playwright show-trace test-results/marketplace-real-seller-→-moderation-→-buyer-workflow-desktop/trace.zip

    ────────────────────────────────────────────────────────────────────────────────────────────────

  1 failed
    [desktop] › tests/e2e/marketplace.spec.ts:5:1 › real seller → moderation → buyer workflow ──────
