
> padroom@0.1.0 test
> vitest run


 RUN  v5.0.3 /workspace/padroom

 ❯ tests/domain.test.ts (25 tests | 3 failed) 35ms
   ❯ redirect safety (8)
     × rejects callbacks that URL parsing normalizes to an external origin "/\t/evil.example" 6ms
     × rejects callbacks that URL parsing normalizes to an external origin "/\n/evil.example" 1ms
     × rejects callbacks that URL parsing normalizes to an external origin "/\r/evil.example" 0ms

⎯⎯⎯⎯⎯⎯⎯ Failed Tests 3 ⎯⎯⎯⎯⎯⎯⎯

 FAIL  tests/domain.test.ts > redirect safety > rejects callbacks that URL parsing normalizes to an external origin "/\t/evil.example"
 FAIL  tests/domain.test.ts > redirect safety > rejects callbacks that URL parsing normalizes to an external origin "/\n/evil.example"
 FAIL  tests/domain.test.ts > redirect safety > rejects callbacks that URL parsing normalizes to an external origin "/\r/evil.example"
AssertionError: expected 'https://evil.example' to be 'https://padroom.example' // Object.is equality

Expected: "https://padroom.example"
Received: "https://evil.example"

 ❯ tests/domain.test.ts:50:34
     48|     (value) => {
     49|       const destination = new URL(safeNext(value), "https://padroom.ex…
     50|       expect(destination.origin).toBe("https://padroom.example");
       |                                  ^
     51|       expect(destination.pathname).toBe("/");
     52|     },

⎯⎯⎯⎯⎯⎯⎯⎯⎯⎯⎯⎯⎯⎯⎯⎯⎯⎯⎯⎯⎯⎯⎯⎯[1/3]⎯


 Test Files  1 failed | 1 passed (2)
      Tests  3 failed | 27 passed (30)
   Start at  20:21:42
   Duration  787ms (tests 72%, import 17%, transform 10%, worker 1%)
